// Vitest Snapshot v1, https://vitest.dev/guide/snapshot.html

exports[`App component > The App component is rendered 1`] = `
<div>
  <div
    id="_app_61351a"
  />
</div>
`;
