// Vitest Snapshot v1, https://vitest.dev/guide/snapshot.html

exports[`Cart component > Cart component matches snapshot 1`] = `
<section
  id="cart"
  role="region"
>
  Cart
  <article>
    <h4>
      Opna Women's Short Sleeve Moisture
    </h4>
    <picture>
      <img
        alt="#"
        loading="lazy"
        src="https://fakestoreapi.com/img/51eg55uWmdL._AC_UX679_.jpg"
        style="width: 200px;"
      />
    </picture>
    <form
      novalidate=""
    >
      <p>
        $7.95
      </p>
      <div>
        <label
          for="quantity"
        />
        <div
          class="_input-btn-container_e589d5"
        >
          <button
            class="_input-btn-left_e589d5"
            type="button"
          >
            -
          </button>
          <input
            class="quantity-input _input_e589d5"
            id="quantity"
            maxlength="3"
            minlength="1"
            name="quantity"
            pattern="/\\d{1,3}/"
            type="text"
            value="1"
          />
          <button
            class="_input-btn-right_e589d5"
            type="button"
          >
            +
          </button>
        </div>
        <p
          class="error-message"
        />
      </div>
      <button
        type="submit"
      >
        Delete
      </button>
    </form>
  </article>
  <p>
    Subtotal: 
    <span>
      $7.95
    </span>
  </p>
</section>
`;
