// Vitest Snapshot v1, https://vitest.dev/guide/snapshot.html

exports[`Category component (Outlet) > Category component is rendered 1`] = `
<div>
  <section>
    <h2>
      Category
    </h2>
    <h3>
      all
    </h3>
    <section
      role="region"
    >
      <article>
        <picture>
          <img
            src="https://fakestoreapi.com/img/81fPKd-2AYL._AC_SL1500_.jpg"
          />
        </picture>
        <div
          class="info"
        >
          <h4>
            Fjallraven - Foldsack No. 1 Backpack, Fits 15 Laptops
          </h4>
        </div>
      </article>
      <article>
        <picture>
          <img
            src="https://fakestoreapi.com/img/71-3HjGNDUL._AC_SY879._SX._UX._SY._UY_.jpg"
          />
        </picture>
        <div
          class="info"
        >
          <h4>
            Mens Casual Premium Slim Fit T-Shirts 
          </h4>
        </div>
      </article>
      <article>
        <picture>
          <img
            src="https://fakestoreapi.com/img/71li-ujtlUL._AC_UX679_.jpg"
          />
        </picture>
        <div
          class="info"
        >
          <h4>
            Mens Cotton Jacket
          </h4>
        </div>
      </article>
      <article>
        <picture>
          <img
            src="https://fakestoreapi.com/img/71YXzeOuslL._AC_UY879_.jpg"
          />
        </picture>
        <div
          class="info"
        >
          <h4>
            Mens Casual Slim Fit
          </h4>
        </div>
      </article>
      <article>
        <picture>
          <img
            src="https://fakestoreapi.com/img/71pWzhdJNwL._AC_UL640_QL65_ML3_.jpg"
          />
        </picture>
        <div
          class="info"
        >
          <h4>
            John Hardy Women's Legends Naga Gold & Silver Dragon Station Chain Bracelet
          </h4>
        </div>
      </article>
      <article>
        <picture>
          <img
            src="https://fakestoreapi.com/img/61sbMiUnoGL._AC_UL640_QL65_ML3_.jpg"
          />
        </picture>
        <div
          class="info"
        >
          <h4>
            Solid Gold Petite Micropave 
          </h4>
        </div>
      </article>
      <article>
        <picture>
          <img
            src="https://fakestoreapi.com/img/71YAIFU48IL._AC_UL640_QL65_ML3_.jpg"
          />
        </picture>
        <div
          class="info"
        >
          <h4>
            White Gold Plated Princess
          </h4>
        </div>
      </article>
      <article>
        <picture>
          <img
            src="https://fakestoreapi.com/img/51UDEzMJVpL._AC_UL640_QL65_ML3_.jpg"
          />
        </picture>
        <div
          class="info"
        >
          <h4>
            Pierced Owl Rose Gold Plated Stainless Steel Double
          </h4>
        </div>
      </article>
      <article>
        <picture>
          <img
            src="https://fakestoreapi.com/img/61IBBVJvSDL._AC_SY879_.jpg"
          />
        </picture>
        <div
          class="info"
        >
          <h4>
            WD 2TB Elements Portable External Hard Drive - USB 3.0 
          </h4>
        </div>
      </article>
      <article>
        <picture>
          <img
            src="https://fakestoreapi.com/img/61U7T1koQqL._AC_SX679_.jpg"
          />
        </picture>
        <div
          class="info"
        >
          <h4>
            SanDisk SSD PLUS 1TB Internal SSD - SATA III 6 Gb/s
          </h4>
        </div>
      </article>
      <article>
        <picture>
          <img
            src="https://fakestoreapi.com/img/71kWymZ+c+L._AC_SX679_.jpg"
          />
        </picture>
        <div
          class="info"
        >
          <h4>
            Silicon Power 256GB SSD 3D NAND A55 SLC Cache Performance Boost SATA III 2.5
          </h4>
        </div>
      </article>
      <article>
        <picture>
          <img
            src="https://fakestoreapi.com/img/61mtL65D4cL._AC_SX679_.jpg"
          />
        </picture>
        <div
          class="info"
        >
          <h4>
            WD 4TB Gaming Drive Works with Playstation 4 Portable External Hard Drive
          </h4>
        </div>
      </article>
      <article>
        <picture>
          <img
            src="https://fakestoreapi.com/img/81QpkIctqPL._AC_SX679_.jpg"
          />
        </picture>
        <div
          class="info"
        >
          <h4>
            Acer SB220Q bi 21.5 inches Full HD (1920 x 1080) IPS Ultra-Thin
          </h4>
        </div>
      </article>
      <article>
        <picture>
          <img
            src="https://fakestoreapi.com/img/81Zt42ioCgL._AC_SX679_.jpg"
          />
        </picture>
        <div
          class="info"
        >
          <h4>
            Samsung 49-Inch CHG90 144Hz Curved Gaming Monitor (LC49HG90DMNXZA) â€“ Super Ultrawide Screen QLED 
          </h4>
        </div>
      </article>
      <article>
        <picture>
          <img
            src="https://fakestoreapi.com/img/51Y5NI-I5jL._AC_UX679_.jpg"
          />
        </picture>
        <div
          class="info"
        >
          <h4>
            BIYLACLESEN Women's 3-in-1 Snowboard Jacket Winter Coats
          </h4>
        </div>
      </article>
      <article>
        <picture>
          <img
            src="https://fakestoreapi.com/img/81XH0e8fefL._AC_UY879_.jpg"
          />
        </picture>
        <div
          class="info"
        >
          <h4>
            Lock and Love Women's Removable Hooded Faux Leather Moto Biker Jacket
          </h4>
        </div>
      </article>
      <article>
        <picture>
          <img
            src="https://fakestoreapi.com/img/71HblAHs5xL._AC_UY879_-2.jpg"
          />
        </picture>
        <div
          class="info"
        >
          <h4>
            Rain Jacket Women Windbreaker Striped Climbing Raincoats
          </h4>
        </div>
      </article>
      <article>
        <picture>
          <img
            src="https://fakestoreapi.com/img/71z3kpMAYsL._AC_UY879_.jpg"
          />
        </picture>
        <div
          class="info"
        >
          <h4>
            MBJ Women's Solid Short Sleeve Boat Neck V 
          </h4>
        </div>
      </article>
      <article>
        <picture>
          <img
            src="https://fakestoreapi.com/img/51eg55uWmdL._AC_UX679_.jpg"
          />
        </picture>
        <div
          class="info"
        >
          <h4>
            Opna Women's Short Sleeve Moisture
          </h4>
        </div>
      </article>
      <article>
        <picture>
          <img
            src="https://fakestoreapi.com/img/61pHAEJ4NML._AC_UX679_.jpg"
          />
        </picture>
        <div
          class="info"
        >
          <h4>
            DANVOUY Womens T Shirt Casual Cotton Short
          </h4>
        </div>
      </article>
    </section>
  </section>
</div>
`;
