// Vitest Snapshot v1, https://vitest.dev/guide/snapshot.html

exports[`Footer component > The Footer component matches snapshot 1`] = `
<div>
  <footer>
    <div>
      Placeholder
    </div>
  </footer>
</div>
`;
