// Vitest Snapshot v1, https://vitest.dev/guide/snapshot.html

exports[`Shop component > The Shop component component matches snapshot 1`] = `<div />`;
